******************************************************************************
                  TI ARM Linker PC v20.2.7                     
******************************************************************************
>> Linked Fri Mar 15 17:05:33 2024

OUTPUT FILE NAME:   <ssl.out>
ENTRY POINT SYMBOL: "_c_int00_noargs"  address: 2000e41d


MEMORY CONFIGURATION

         name            origin    length      used     unused   attr    fill
----------------------  --------  ---------  --------  --------  ----  --------
  SRAM_CODE             20004000   00013000  0000c69e  00006962  RW X
  SRAM_DATA             20017000   00019000  0000933a  0000fcc6  RW X


SEGMENT ALLOCATION MAP

run origin  load origin   length   init length attrs members
----------  ----------- ---------- ----------- ----- -------
20004000    20004000    0000c6a0   0000c6a0    r-x
  20004000    20004000    00000400   00000400    r-- .intvecs
  20004400    20004400    0000a712   0000a712    r-x .text
  2000eb14    2000eb14    00001b1c   00001b1c    r-- .const
  20010630    20010630    00000070   00000070    r-- .cinit
20017000    20017000    0000833c   00000000    rw-
  20017000    20017000    00008000   00000000    rw- .sysmem
  2001f000    2001f000    0000025a   00000000    rw- .bss
  2001f25c    2001f25c    000000e0   00000000    rw- .data
2002f000    2002f000    00001000   00000000    rw-
  2002f000    2002f000    00001000   00000000    rw- .stack


SECTION ALLOCATION MAP

 output                                  attributes/
section   page    origin      length       input sections
--------  ----  ----------  ----------   ----------------
.intvecs   0    20004000    00000400     
                  20004000    00000400     startup_ccs.obj (.intvecs)

.init_array 
*          0    20004000    00000000     UNINITIALIZED

.text      0    20004400    0000a712     
                  20004400    00001c14     main.obj (.text)
                  20006014    00000b1c     Adafruit_GFX.obj (.text)
                  20006b30    00000a4e     rtsv7M4_T_le_eabi.lib : _printfi.c.obj (.text:__TI_printfi)
                  2000757e    00000002     driverlib.a : interrupt.obj (.text:IntDefaultHandler)
                  20007580    00000590     simplelink.a : driver.obj (.text:_SlDrvMsgRead)
                  20007b10    000004a2     Adafruit_OLED.obj (.text)
                  20007fb2    00000002     rtsv7M4_T_le_eabi.lib : _lock.c.obj (.text:_nop)
                  20007fb4    00000398     gpio_if.obj (.text)
                  2000834c    00000280     simplelink.a : wlan.obj (.text:sl_WlanConnect)
                  200085cc    0000027c     uart_if.obj (.text)
                  20008848    00000268     rtsv7M4_T_le_eabi.lib : _printfi.c.obj (.text:_pconv_a)
                  20008ab0    00000248     simplelink.a : driver.obj (.text:_SlDrvRxHdrRead)
                  20008cf8    000001e4                  : driver.obj (.text:_SlDrvDataReadOp)
                  20008edc    000001d0                  : driver.obj (.text:_SlDrvReleasePoolObj)
                  200090ac    000001cc     rtsv7M4_T_le_eabi.lib : _printfi.c.obj (.text:_pconv_g)
                  20009278    000001b6                           : fd_add_t2.asm.obj (.text)
                  2000942e    00000002                           : div0.asm.obj (.text)
                  20009430    000001b4     simplelink.a : driver.obj (.text:_SlDrvDriverCBInit)
                  200095e4    0000019c                  : driver.obj (.text:_SlDrvMsgWrite)
                  20009780    00000190                  : driver.obj (.text:_SlDrvWaitForPoolObj)
                  20009910    0000018c                  : socket.obj (.text:sl_Connect)
                  20009a9c    00000178     driverlib.a : prcm.obj (.text:PRCMCC3200MCUInit)
                  20009c14    00000170     simplelink.a : driver.obj (.text:_SlFindAndSetActiveObj)
                  20009d84    0000015c     pinmux.obj (.text)
                  20009ee0    00000150     simplelink.a : driver.obj (.text:_SlDrvDataWriteOp)
                  2000a030    00000148                  : cc_pal.obj (.text:spi_Open)
                  2000a178    00000144                  : driver.obj (.text:_SlDrvMsgReadCmdCtx)
                  2000a2bc    00000144                  : netapp.obj (.text:sl_NetAppDnsGetHostByName)
                  2000a400    0000013c     rtsv7M4_T_le_eabi.lib : _printfi.c.obj (.text:_pconv_e)
                  2000a53c    00000136                           : fd_div_t2.asm.obj (.text)
                  2000a672    00000002     --HOLE-- [fill = 0]
                  2000a674    00000134     simplelink.a : socket.obj (.text:sl_Send)
                  2000a7a8    00000130                  : driver.obj (.text:_SlDrvDriverCBDeinit)
                  2000a8d8    00000120     rtsv7M4_T_le_eabi.lib : _printfi.c.obj (.text:fcvt)
                  2000a9f8    00000104     simplelink.a : netapp.obj (.text:_SlDrvNetAppEventHandler)
                  2000aafc    00000100     rtsv7M4_T_le_eabi.lib : memory.c.obj (.text:aligned_alloc)
                  2000abfc    000000fc                           : fd_mul_t2.asm.obj (.text)
                  2000acf8    000000f0     simplelink.a : device.obj (.text:sl_Start)
                  2000ade8    000000f0                  : device.obj (.text:sl_Stop)
                  2000aed8    000000f0                  : cc_pal.obj (.text:spi_Read)
                  2000afc8    000000f0     driverlib.a : udma.obj (.text:uDMAChannelTransferSet)
                  2000b0b8    000000e8     simplelink.a : driver.obj (.text:_SlAsyncEventGenericHandler)
                  2000b1a0    000000e8                  : driver.obj (.text:_SlDrvMsgReadSpawnCtx)
                  2000b288    000000e4     rtsv7M4_T_le_eabi.lib : memory.c.obj (.text:free)
                  2000b36c    000000e4                           : memory.c.obj (.text:realloc)
                  2000b450    000000e4     simplelink.a : netapp.obj (.text:sl_NetAppMDNSRegisterUnregisterService)
                  2000b534    000000dc                  : driver.obj (.text:_SlDrvClassifyRxMsg)
                  2000b610    000000d0     rtsv7M4_T_le_eabi.lib : s_scalbn.c.obj (.text:scalbn)
                  2000b6e0    000000cc     simplelink.a : netapp.obj (.text:_sl_HandleAsync_DnsGetHostByService)
                  2000b7ac    000000cc                  : device.obj (.text:sl_DevGet)
                  2000b878    000000c4                  : driver.obj (.text:_SlRemoveFromList)
                  2000b93c    000000c0                  : driver.obj (.text:_SlDrvCmdOp)
                  2000b9fc    000000b1     rtsv7M4_T_le_eabi.lib : _printfi.c.obj (.text:_ltostr)
                  2000baad    00000003     --HOLE-- [fill = 0]
                  2000bab0    000000b0     simplelink.a : nonos.obj (.text:_SlNonOsSemGet)
                  2000bb60    000000a8     driverlib.a : interrupt.obj (.text:IntDisable)
                  2000bc08    000000a8                 : interrupt.obj (.text:IntEnable)
                  2000bcb0    000000a4     simplelink.a : driver.obj (.text:_SlDriverHandleError)
                  2000bd54    000000a0     driverlib.a : spi.obj (.text:SPIConfigSetExpClk)
                  2000bdf4    000000a0     simplelink.a : socket.obj (.text:sl_Recv)
                  2000be94    0000009c     rtsv7M4_T_le_eabi.lib : memcpy_t2.asm.obj (.text)
                  2000bf30    0000009a     simplelink.a : device.obj (.text:_SlDrvDeviceEventHandler)
                  2000bfca    00000002     --HOLE-- [fill = 0]
                  2000bfcc    00000098                  : device.obj (.text:sl_DevSet)
                  2000c064    00000098                  : netcfg.obj (.text:sl_NetCfgSet)
                  2000c0fc    00000098                  : socket.obj (.text:sl_SetSockOpt)
                  2000c194    00000098                  : wlan.obj (.text:sl_WlanSet)
                  2000c22c    00000098                  : cc_pal.obj (.text:spi_Write)
                  2000c2c4    00000096     rtsv7M4_T_le_eabi.lib : ull_div_t2.asm.obj (.text)
                  2000c35a    00000002     --HOLE-- [fill = 0]
                  2000c35c    00000094     driverlib.a : prcm.obj (.text:PRCMPeripheralClockGet)
                  2000c3f0    00000090     simplelink.a : netapp.obj (.text:_sl_HandleAsync_DnsGetHostByName)
                  2000c480    00000090                  : netapp.obj (.text:_sl_HandleAsync_PingResponse)
                  2000c510    00000090                  : wlan.obj (.text:sl_WlanPolicySet)
                  2000c5a0    0000008c                  : cc_pal.obj (.text:SetupDMAReceive)
                  2000c62c    0000008c                  : cc_pal.obj (.text:SetupDMASend)
                  2000c6b8    0000008c                  : driver.obj (.text:_SlDrvIsTimeoutExpired)
                  2000c744    0000008c                  : device.obj (.text:_sl_HandleAsync_InitComplete)
                  2000c7d0    0000008c                  : socket.obj (.text:sl_Socket)
                  2000c85c    00000088     driverlib.a : pin.obj (.text:PinConfigSet)
                  2000c8e4    00000086     rtsv7M4_T_le_eabi.lib : fd_cmp_t2.asm.obj (.text:__aeabi_cdcmple)
                  2000c96a    00000086                           : fd_cmp_t2.asm.obj (.text:__aeabi_cdrcmple)
                  2000c9f0    00000084     simplelink.a : cc_pal.obj (.text:NwpPowerOnPreamble)
                  2000ca74    00000084                  : wlan.obj (.text:sl_WlanRxFilterSet)
                  2000caf8    00000082     driverlib.a : gpio.obj (.text:GPIOIntTypeSet)
                  2000cb7a    00000002     --HOLE-- [fill = 0]
                  2000cb7c    00000080     simplelink.a : socket.obj (.text:_sl_HandleAsync_Connect)
                  2000cbfc    00000080                  : cc_pal.obj (.text:spi_Read_CPU)
                  2000cc7c    00000080                  : cc_pal.obj (.text:spi_Write_CPU)
                  2000ccfc    0000007a     rtsv7M4_T_le_eabi.lib : memset_t2.asm.obj (.text)
                  2000cd76    00000002     --HOLE-- [fill = 0]
                  2000cd78    00000078     simplelink.a : cc_pal.obj (.text:spi_Close)
                  2000cdf0    00000076     driverlib.a : uart.obj (.text:UARTConfigSetExpClk)
                  2000ce66    00000002     --HOLE-- [fill = 0]
                  2000ce68    00000074     simplelink.a : nonos.obj (.text:_SlNonOsMainLoopTask)
                  2000cedc    00000070     rtsv7M4_T_le_eabi.lib : memory.c.obj (.text:split)
                  2000cf4c    0000006e                           : _printfi.c.obj (.text:_mcpy)
                  2000cfba    00000002     --HOLE-- [fill = 0]
                  2000cfbc    0000006c     simplelink.a : driver.obj (.text:_SlDrvCmdSend)
                  2000d028    0000006c                  : netapp.obj (.text:_sl_NetAppSendTokenValue)
                  2000d094    00000068     rtsv7M4_T_le_eabi.lib : copy_decompress_lzss.c.obj (.text:decompress:lzss:__TI_decompress_lzss)
                  2000d0fc    00000064     simplelink.a : nonos.obj (.text:_SlNonOsSpawn)
                  2000d160    00000064                  : socket.obj (.text:_sl_HandleAsync_Accept)
                  2000d1c4    00000064                  : netapp.obj (.text:sl_NetAppMDNSUnRegisterService)
                  2000d228    00000064     driverlib.a : udma.obj (.text:uDMAChannelAttributeDisable)
                  2000d28c    00000064                 : udma.obj (.text:uDMAChannelAttributeEnable)
                  2000d2f0    00000060     simplelink.a : socket.obj (.text:sl_Close)
                  2000d350    00000060                  : wlan.obj (.text:sl_WlanProfileDel)
                  2000d3b0    00000060                  : wlan.obj (.text:sl_WlanSetMode)
                  2000d410    0000005c     rtsv7M4_T_le_eabi.lib : s_frexp.c.obj (.text:frexp)
                  2000d46c    00000058     driverlib.a : interrupt.obj (.text:IntPendClear)
                  2000d4c4    00000058                 : prcm.obj (.text:PRCMPeripheralReset)
                  2000d51c    00000056     rtsv7M4_T_le_eabi.lib : _printfi.c.obj (.text:_pconv_f)
                  2000d572    00000002     --HOLE-- [fill = 0]
                  2000d574    00000054     driverlib.a : interrupt.obj (.text:IntPrioritySet)
                  2000d5c8    00000054     simplelink.a : driver.obj (.text:_SlDrvRxIrqHandler)
                  2000d61c    00000054     rtsv7M4_T_le_eabi.lib : _ltoa.c.obj (.text:__TI_ltoa)
                  2000d670    00000054     simplelink.a : socket.obj (.text:_sl_HandleAsync_Select)
                  2000d6c4    00000052     rtsv7M4_T_le_eabi.lib : _printfi.c.obj (.text:_ecpy)
                  2000d716    00000002     --HOLE-- [fill = 0]
                  2000d718    00000050     simplelink.a : device.obj (.text:_sl_HandleAsync_Stop)
                  2000d768    0000004c     driverlib.a : spi.obj (.text:SPIIntEnable)
                  2000d7b4    0000004c                 : spi.obj (.text:SPIIntNumberGet)
                  2000d800    0000004c     simplelink.a : driver.obj (.text:_SlDrvProtectAsyncRespSetting)
                  2000d84c    0000004c                  : socket.obj (.text:_sl_BuildAddress)
                  2000d898    0000004c     rtsv7M4_T_le_eabi.lib : atoi.c.obj (.text:atoi)
                  2000d8e4    0000004c     driverlib.a : udma.obj (.text:uDMAChannelAssign)
                  2000d930    00000048                 : gpio.obj (.text:GPIOGetIntNumber)
                  2000d978    00000048                 : spi.obj (.text:SPIIntClear)
                  2000d9c0    00000048     simplelink.a : driver.obj (.text:_SlDrvBasicCmd)
                  2000da08    00000048     rtsv7M4_T_le_eabi.lib : fd_toi_t2.asm.obj (.text)
                  2000da50    00000044     driverlib.a : spi.obj (.text:SPIDmaMaskGet)
                  2000da94    00000044                 : timer.obj (.text:TimerConfigure)
                  2000dad8    00000044                 : uart.obj (.text:UARTIntNumberGet)
                  2000db1c    00000044     simplelink.a : driver.obj (.text:_SlDrvHandleHttpServerEvents)
                  2000db60    00000044                  : driver.obj (.text:_SlDrvSyncObjWaitTimeout)
                  2000dba4    00000044     rtsv7M4_T_le_eabi.lib : autoinit.c.obj (.text:__TI_auto_init_nobinit_nopinit:__TI_auto_init_nobinit_nopinit)
                  2000dbe8    00000044     simplelink.a : cc_pal.obj (.text:cc_SetupTransfer)
                  2000dc2c    00000042                  : socket.obj (.text:sl_Htonl)
                  2000dc6e    00000002     --HOLE-- [fill = 0]
                  2000dc70    00000040     driverlib.a : pin.obj (.text:PinModeSet)
                  2000dcb0    00000040     simplelink.a : driver.obj (.text:_SlDrvHandleNetAppEvents)
                  2000dcf0    00000040                  : driver.obj (.text:_SlDrvHandleWlanEvents)
                  2000dd30    00000040                  : socket.obj (.text:_sl_TruncatePayloadByProtocol)
                  2000dd70    00000040     rtsv7M4_T_le_eabi.lib : sprintf.c.obj (.text:sprintf)
                  2000ddb0    00000040                           : vsnprintf.c.obj (.text:vsnprintf)
                  2000ddf0    0000003e     simplelink.a : cc_pal.obj (.text:NwpRegisterInterruptHandler)
                  2000de2e    0000003e     rtsv7M4_T_le_eabi.lib : _printfi.c.obj (.text:_fcpy)
                  2000de6c    0000003c     simplelink.a : netapp.obj (.text:CopyPingResultsToReport)
                  2000dea8    0000003c     driverlib.a : prcm.obj (.text:PRCMPeripheralClkEnable)
                  2000dee4    0000003c     simplelink.a : cc_pal.obj (.text:simplelink_timerA2_start)
                  2000df20    0000003c                  : socket.obj (.text:sl_Htons)
                  2000df5c    0000003c     driverlib.a : udma.obj (.text:uDMAChannelControlSet)
                  2000df98    00000038     simplelink.a : cc_pal.obj (.text:NwpPowerOff)
                  2000dfd0    00000038                  : wlan.obj (.text:sl_WlanDisconnect)
                  2000e008    00000036     driverlib.a : gpio.obj (.text:GPIODirModeSet)
                  2000e03e    00000002     --HOLE-- [fill = 0]
                  2000e040    00000034     simplelink.a : cc_pal.obj (.text:NwpPowerOn)
                  2000e074    00000034     driverlib.a : prcm.obj (.text:PRCMPeripheralStatusGet)
                  2000e0a8    00000034                 : spi.obj (.text:SPIFIFOLevelSet)
                  2000e0dc    00000030                 : pin.obj (.text:PinTypeGPIO)
                  2000e10c    00000030                 : uart.obj (.text:UARTDisable)
                  2000e13c    00000030     rtsv7M4_T_le_eabi.lib : vsnprintf.c.obj (.text:_outs)
                  2000e16c    0000002e                           : i_tofd_t2.asm.obj (.text)
                  2000e19a    00000002     --HOLE-- [fill = 0]
                  2000e19c    0000002c     driverlib.a : prcm.obj (.text:PRCMSysResetCauseGet)
                  2000e1c8    0000002c     simplelink.a : driver.obj (.text:_SlDrvObjGlobalLockWaitForever)
                  2000e1f4    0000002c                  : driver.obj (.text:_SlDrvProtectionObjLockWaitForever)
                  2000e220    0000002a     driverlib.a : timer.obj (.text:TimerLoadSet)
                  2000e24a    0000002a                 : timer.obj (.text:TimerPrescaleSet)
                  2000e274    00000028                 : prcm.obj (.text:PRCMPeripheralClkDisable)
                  2000e29c    00000028     simplelink.a : driver.obj (.text:_SlDrvGlobalObjUnLock)
                  2000e2c4    00000028                  : driver.obj (.text:_SlDrvProtectionObjUnLock)
                  2000e2ec    00000028                  : driver.obj (.text:_SlDrvSyncObjWaitForever)
                  2000e314    00000028     rtsv7M4_T_le_eabi.lib : memory.c.obj (.text:free_list_insert)
                  2000e33c    00000028                           : memmov.c.obj (.text:memmove)
                  2000e364    00000026     simplelink.a : driver.obj (.text:_SlDrvObjLockWaitForever)
                  2000e38a    00000026     network_common.obj (.text)
                  2000e3b0    00000024     simplelink.a : cc_pal.obj (.text:DmaSpiSwIntHandler)
                  2000e3d4    00000024     driverlib.a : interrupt.obj (.text:IntUnregister)
                  2000e3f8    00000024                 : uart.obj (.text:UARTEnable)
                  2000e41c    00000024     rtsv7M4_T_le_eabi.lib : boot_cortex_m.c.obj (.text:_c_int00_noargs:_c_int00_noargs)
                  2000e440    00000022     driverlib.a : gpio.obj (.text:GPIOIntStatus)
                  2000e462    00000022                 : spi.obj (.text:SPIReset)
                  2000e484    00000022                 : spi.obj (.text:SPIWordCountSet)
                  2000e4a6    00000020                 : gpio.obj (.text:GPIOPinWrite)
                  2000e4c6    00000002     --HOLE-- [fill = 0]
                  2000e4c8    00000020                 : interrupt.obj (.text:IntRegister)
                  2000e4e8    00000020     simplelink.a : cc_pal.obj (.text:NwpPrePowerOffTimout0)
                  2000e508    00000020     driverlib.a : spi.obj (.text:SPIDataGet)
                  2000e528    00000020     simplelink.a : cc_pal.obj (.text:TimerGetCurrentTimestamp)
                  2000e548    00000020                  : driver.obj (.text:_SlDrvObjUnLock)
                  2000e568    00000020                  : driver.obj (.text:_SlDrvSyncObjSignal)
                  2000e588    0000001e     driverlib.a : gpio.obj (.text:GPIOIntRegister)
                  2000e5a6    0000001e                 : spi.obj (.text:SPIDataPut)
                  2000e5c4    0000001e                 : timer.obj (.text:TimerEnable)
                  2000e5e2    0000001e                 : uart.obj (.text:UARTCharPut)
                  2000e600    0000001e                 : uart.obj (.text:UARTIntRegister)
                  2000e61e    0000001e                 : uart.obj (.text:UARTIntStatus)
                  2000e63c    0000001e     simplelink.a : cc_pal.obj (.text:cc_UDMAChannelSelect)
                  2000e65a    00000002     --HOLE-- [fill = 0]
                  2000e65c    0000001c     driverlib.a : systick.obj (.text:SysTickIntRegister)
                  2000e678    0000001c                 : timer.obj (.text:TimerValueGet)
                  2000e694    0000001c                 : uart.obj (.text:UARTCharGetNonBlocking)
                  2000e6b0    0000001c     simplelink.a : driver.obj (.text:_SlDrvStartMeasureTimeout)
                  2000e6cc    0000001c     rtsv7M4_T_le_eabi.lib : copy_zero_init.c.obj (.text:decompress:ZI:__TI_zero_init_nomemset:__TI_zero_init_nomemset)
                  2000e6e8    0000001c                           : memory.c.obj (.text:free_list_remove)
                  2000e704    0000001c                           : memccpy.c.obj (.text:memccpy)
                  2000e720    0000001c     driverlib.a : udma.obj (.text:uDMAChannelEnable)
                  2000e73c    0000001a                 : gpio.obj (.text:GPIOIntEnable)
                  2000e756    0000001a                 : pin.obj (.text:PinTypeSPI)
                  2000e770    0000001a                 : pin.obj (.text:PinTypeUART)
                  2000e78a    0000001a                 : spi.obj (.text:SPIDmaDisable)
                  2000e7a4    0000001a                 : spi.obj (.text:SPIDmaEnable)
                  2000e7be    0000001a                 : spi.obj (.text:SPIFIFODisable)
                  2000e7d8    0000001a                 : spi.obj (.text:SPIFIFOEnable)
                  2000e7f2    0000001a                 : spi.obj (.text:SPIIntUnregister)
                  2000e80c    00000018                 : gpio.obj (.text:GPIOPinRead)
                  2000e824    00000018                 : spi.obj (.text:SPICSDisable)
                  2000e83c    00000018                 : spi.obj (.text:SPICSEnable)
                  2000e854    00000018                 : spi.obj (.text:SPIDisable)
                  2000e86c    00000018                 : spi.obj (.text:SPIEnable)
                  2000e884    00000018                 : systick.obj (.text:SysTickPeriodSet)
                  2000e89c    00000018                 : uart.obj (.text:UARTCharsAvail)
                  2000e8b4    00000018                 : uart.obj (.text:UARTFIFOLevelSet)
                  2000e8cc    00000018                 : uart.obj (.text:UARTIntEnable)
                  2000e8e4    00000018     simplelink.a : nonos.obj (.text:_SlNonOsSemSet)
                  2000e8fc    00000018     rtsv7M4_T_le_eabi.lib : vsnprintf.c.obj (.text:_outc)
                  2000e914    00000018                           : sprintf.c.obj (.text:_outs)
                  2000e92c    00000018     simplelink.a : device.obj (.text:_sl_GetStartResponseConvert)
                  2000e944    00000018     rtsv7M4_T_le_eabi.lib : ll_mul_t2.asm.obj (.text)
                  2000e95c    00000016     driverlib.a : prcm.obj (.text:PRCMHIBRegRead)
                  2000e972    00000016                 : prcm.obj (.text:PRCMHIBRegWrite)
                  2000e988    00000016                 : uart.obj (.text:UARTCharGet)
                  2000e99e    00000016     simplelink.a : driver.obj (.text:_SlDrvMemZero)
                  2000e9b4    00000016     rtsv7M4_T_le_eabi.lib : strchr.c.obj (.text:strchr)
                  2000e9ca    00000014     driverlib.a : cpu.obj (.text:CPUcpsie)
                  2000e9de    00000014                 : gpio.obj (.text:GPIOIntClear)
                  2000e9f2    00000002     --HOLE-- [fill = 0]
                  2000e9f4    00000014                 : interrupt.obj (.text:IntVTableBaseSet)
                  2000ea08    00000014     rtsv7M4_T_le_eabi.lib : strcpy.c.obj (.text:strcpy)
                  2000ea1c    00000014                           : strlen.c.obj (.text:strlen)
                  2000ea30    00000012     driverlib.a : uart.obj (.text:UARTIntClear)
                  2000ea42    00000012     rtsv7M4_T_le_eabi.lib : wcslen.c.obj (.text:wcslen)
                  2000ea54    00000010     driverlib.a : systick.obj (.text:SysTickEnable)
                  2000ea64    00000010                 : systick.obj (.text:SysTickIntEnable)
                  2000ea74    00000010     simplelink.a : driver.obj (.text:_SlDrvDispatchHttpServerEvents)
                  2000ea84    0000000e                  : driver.obj (.text:_SlDrvResetCmdExt)
                  2000ea92    0000000e     rtsv7M4_T_le_eabi.lib : copy_decompress_none.c.obj (.text:decompress:none:__TI_decompress_none)
                  2000eaa0    0000000e     startup_ccs.obj (.text)
                  2000eaae    00000002     --HOLE-- [fill = 0]
                  2000eab0    0000000c     simplelink.a : cc_pal.obj (.text:NwpMaskInterrupt)
                  2000eabc    0000000c                  : cc_pal.obj (.text:NwpUnMaskInterrupt)
                  2000eac8    0000000c     driverlib.a : systick.obj (.text:SysTickValueGet)
                  2000ead4    0000000c     rtsv7M4_T_le_eabi.lib : s_copysign.c.obj (.text:copysign)
                  2000eae0    0000000a     driverlib.a : interrupt.obj (.text:IntMasterEnable)
                  2000eaea    0000000a     rtsv7M4_T_le_eabi.lib : sprintf.c.obj (.text:_outc)
                  2000eaf4    00000008                           : errno.c.obj (.text:__aeabi_errno_addr)
                  2000eafc    00000008                           : memory.c.obj (.text:malloc)
                  2000eb04    00000006     driverlib.a : utils.obj (.text:UtilsDelay)
                  2000eb0a    00000004     rtsv7M4_T_le_eabi.lib : pre_init.c.obj (.text:_system_pre_init)
                  2000eb0e    00000004                           : exit.c.obj (.text:abort:abort)

.const     0    2000eb14    00001b1c     
                  2000eb14    00000800     main.obj (.const:.string:FLOOR1)
                  2000f314    00000800     main.obj (.const:.string:FLOOR2)
                  2000fb14    000004fb     Adafruit_GFX.obj (.const:.string:font)
                  2001000f    00000101     rtsv7M4_T_le_eabi.lib : ctype.c.obj (.const:.string:_ctypes_)
                  20010110    00000100     driverlib.a : pin.obj (.const:g_ulPinToPadMap)
                  20010210    000000d4                 : interrupt.obj (.const:g_pulRegs)
                  200102e4    000000a8                 : prcm.obj (.const:PRCM_PeriphRegsList)
                  2001038c    0000003c     simplelink.a : driver.obj (.const:OpcodeTranslateTable)
                  200103c8    00000038                  : driver.obj (.const:_SlActionLookupTable)
                  20010400    0000002e     main.obj (.const:.string)
                  2001042e    00000002     --HOLE-- [fill = 0]
                  20010430    0000002c     main.obj (.const:$P$T1$2)
                  2001045c    00000024     driverlib.a : spi.obj (.const:g_ppulSPIIntMap)
                  20010480    00000022     main.obj (.const:.string:$P$T0$1)
                  200104a2    00000002     --HOLE-- [fill = 0]
                  200104a4    00000020     simplelink.a : driver.obj (.const:RxMsgClassLUT)
                  200104c4    00000018     driverlib.a : interrupt.obj (.const:g_pulDisRegs)
                  200104dc    00000018                 : interrupt.obj (.const:g_pulEnRegs)
                  200104f4    00000018                 : interrupt.obj (.const:g_pulUnpendRegs)
                  2001050c    00000018                 : spi.obj (.const:g_ulSPIDmaMaskMap)
                  20010524    00000015     main.obj (.const:.string:$P$T6$7)
                  20010539    00000003     --HOLE-- [fill = 0]
                  2001053c    00000014     simplelink.a : driver.obj (.const:$P$T0$1)
                  20010550    00000014                  : nonos.obj (.const:$P$T0$1)
                  20010564    00000014     main.obj (.const:$P$T2$3)
                  20010578    00000010     simplelink.a : socket.obj (.const:.string:_SlPayloadByProtocolLUT)
                  20010588    00000010     driverlib.a : uart.obj (.const:g_ppulUARTIntMap)
                  20010598    0000000c     main.obj (.const:$P$T4$5)
                  200105a4    0000000c     main.obj (.const:.string:$P$T3$4)
                  200105b0    00000009     main.obj (.const:.string:$P$T5$6)
                  200105b9    00000008     simplelink.a : device.obj (.const:StartResponseLUT)
                  200105c1    00000003     --HOLE-- [fill = 0]
                  200105c4    00000008                  : driver.obj (.const:g_H2NCnysPattern)
                  200105cc    00000008                  : driver.obj (.const:g_H2NSyncPattern)
                  200105d4    00000005     main.obj (.const:.string:$P$T7$8)
                  200105d9    00000001     --HOLE-- [fill = 0]
                  200105da    00000004     simplelink.a : wlan.obj (.const:$P$T0$1)
                  200105de    00000004                  : socket.obj (.const:$P$T2$3)
                  200105e2    00000004                  : device.obj (.const:_SlDeviceGetCmdCtrl)
                  200105e6    00000004                  : device.obj (.const:_SlDeviceSetCmdCtrl)
                  200105ea    00000004                  : netapp.obj (.const:_SlGetHostByNameCtrl)
                  200105ee    00000004                  : netapp.obj (.const:_SlNetAppSendTokenValueCmdCtrl)
                  200105f2    00000004                  : netcfg.obj (.const:_SlNetCfgSetCmdCtrl)
                  200105f6    00000004                  : wlan.obj (.const:_SlPolicySetCmdCtrl)
                  200105fa    00000004                  : wlan.obj (.const:_SlProfileDelCmdCtrl)
                  200105fe    00000004                  : socket.obj (.const:_SlRecvCmdCtrl)
                  20010602    00000004                  : netapp.obj (.const:_SlRegisterServiceCtrl)
                  20010606    00000004                  : wlan.obj (.const:_SlRxFilterSetCmdCtrl)
                  2001060a    00000004                  : socket.obj (.const:_SlSendCmdCtrl)
                  2001060e    00000004                  : socket.obj (.const:_SlSetSockOptCmdCtrl)
                  20010612    00000004                  : socket.obj (.const:_SlSockCloseCmdCtrl)
                  20010616    00000004                  : socket.obj (.const:_SlSockSocketCmdCtrl)
                  2001061a    00000004                  : device.obj (.const:_SlStopCmdCtrl)
                  2001061e    00000004                  : wlan.obj (.const:_SlWlanCfgSetCmdCtrl)
                  20010622    00000004                  : wlan.obj (.const:_SlWlanSetModeCmdCtrl)
                  20010626    00000002     --HOLE-- [fill = 0]
                  20010628    00000004                  : driver.obj (.const:httpServer_callbacks)
                  2001062c    00000004                  : driver.obj (.const:netApp_callbacks)

.cinit     0    20010630    00000070     
                  20010630    00000045     (.cinit..data.load) [load image, compression = lzss]
                  20010675    00000003     --HOLE-- [fill = 0]
                  20010678    0000000c     (__TI_handler_table)
                  20010684    00000004     --HOLE-- [fill = 0]
                  20010688    00000008     (.cinit..bss.load) [load image, compression = zero_init]
                  20010690    00000010     (__TI_cinit_table)

.sysmem    0    20017000    00008000     UNINITIALIZED
                  20017000    00000010     rtsv7M4_T_le_eabi.lib : memory.c.obj (.sysmem)
                  20017010    00007ff0     --HOLE--

.bss       0    2001f000    0000025a     UNINITIALIZED
                  2001f000    00000168     simplelink.a : driver.obj (.bss:g_StatMem)
                  2001f168    00000050     (.common:g_ucDinDout)
                  2001f1b8    0000002c     (.common:g_time)
                  2001f1e4    00000024     (.common:g_ucConnectionSSID)
                  2001f208    00000018     (.common:received)
                  2001f220    00000008     (.common:g_ucConnectionBSSID)
                  2001f228    00000004     uart_if.obj (.bss)
                  2001f22c    00000004     (.common:curr_time)
                  2001f230    00000004     (.common:del_time)
                  2001f234    00000004     (.common:enabled_flag)
                  2001f238    00000004     (.common:offset)
                  2001f23c    00000004     (.common:prev_time)
                  2001f240    00000004     (.common:rcvd_flag)
                  2001f244    00000004     (.common:rcvd_idx)
                  2001f248    00000004     (.common:signal_bits)
                  2001f24c    00000004     (.common:signal_flag)
                  2001f250    00000004     (.common:valid_flag)
                  2001f254    00000001     (.common:RxIrqCnt)
                  2001f255    00000001     (.common:g_bDeviceRestartIsRequired)
                  2001f256    00000001     (.common:g_cDummy)
                  2001f257    00000001     (.common:g_ucLED1Pin)
                  2001f258    00000001     (.common:g_ucLED2Pin)
                  2001f259    00000001     (.common:g_ucLED3Pin)

.data      0    2001f25c    000000e0     UNINITIALIZED
                  2001f25c    0000003c     simplelink.a : nonos.obj (.data:g__SlNonOsCB)
                  2001f298    0000002c     main.obj (.data)
                  2001f2c4    00000015     Adafruit_GFX.obj (.data)
                  2001f2d9    00000003     --HOLE--
                  2001f2dc    00000014     gpio_if.obj (.data:ulReg)
                  2001f2f0    0000000d     simplelink.a : driver.obj (.data)
                  2001f2fd    00000003     --HOLE--
                  2001f300    0000000c     gpio_if.obj (.data)
                  2001f30c    0000000c     main.obj (.data:received_packets)
                  2001f318    00000009     simplelink.a : cc_pal.obj (.data)
                  2001f321    00000003     --HOLE--
                  2001f324    00000008     rtsv7M4_T_le_eabi.lib : _lock.c.obj (.data:$O1$$)
                  2001f32c    00000008                           : memory.c.obj (.data:$O1$$)
                  2001f334    00000004                           : errno.c.obj (.data)
                  2001f338    00000004     simplelink.a : driver.obj (.data:wlan_callbacks)

.stack     0    2002f000    00001000     UNINITIALIZED
                  2002f000    00000004     rtsv7M4_T_le_eabi.lib : boot_cortex_m.c.obj (.stack)
                  2002f004    00000ffc     --HOLE--

__llvm_prf_cnts 
*          0    20017000    00000000     UNINITIALIZED

MODULE SUMMARY

       Module                       code    ro data   rw data
       ------                       ----    -------   -------
    .\
       main.obj                     7188    4299      208    
       Adafruit_GFX.obj             2844    1275      21     
       Adafruit_OLED.obj            1186    0         0      
       startup_ccs.obj              14      1024      0      
       gpio_if.obj                  920     0         35     
       uart_if.obj                  636     0         4      
       pinmux.obj                   348     0         0      
       network_common.obj           38      0         0      
    +--+----------------------------+-------+---------+---------+
       Total:                       13174   6598      268    
                                                             
    C:/ti/CC3200SDK_1.5.0/cc3200-sdk/driverlib/ccs/Release/driverlib.a
       prcm.obj                     852     168       0      
       spi.obj                      860     60        0      
       interrupt.obj                608     284       0      
       udma.obj                     604     0         0      
       pin.obj                      300     256       0      
       uart.obj                     500     16        0      
       gpio.obj                     422     0         0      
       timer.obj                    210     0         0      
       systick.obj                  96      0         0      
       cpu.obj                      20      0         0      
       utils.obj                    6       0         0      
    +--+----------------------------+-------+---------+---------+
       Total:                       4478    784       0      
                                                             
    C:/ti/CC3200SDK_1.5.0/cc3200-sdk/simplelink/ccs/NON_OS_debug/simplelink.a
       driver.obj                   7906    192       379    
       cc_pal.obj                   1960    0         90     
       socket.obj                   1830    40        0      
       netapp.obj                   1572    12        0      
       wlan.obj                     1316    24        0      
       device.obj                   1234    20        0      
       nonos.obj                    416     20        60     
       netcfg.obj                   152     4         0      
    +--+----------------------------+-------+---------+---------+
       Total:                       16386   312       529    
                                                             
    C:\ti\ccs1250\ccs\tools\compiler\ti-cgt-arm_20.2.7.LTS\lib\rtsv7M4_T_le_eabi.lib
       _printfi.c.obj               4835    0         0      
       memory.c.obj                 900     0         8      
       fd_add_t2.asm.obj            438     0         0      
       fd_div_t2.asm.obj            310     0         0      
       fd_cmp_t2.asm.obj            268     0         0      
       ctype.c.obj                  0       257       0      
       fd_mul_t2.asm.obj            252     0         0      
       s_scalbn.c.obj               208     0         0      
       memcpy_t2.asm.obj            156     0         0      
       ull_div_t2.asm.obj           150     0         0      
       vsnprintf.c.obj              136     0         0      
       memset_t2.asm.obj            122     0         0      
       copy_decompress_lzss.c.obj   104     0         0      
       sprintf.c.obj                98      0         0      
       s_frexp.c.obj                92      0         0      
       _ltoa.c.obj                  84      0         0      
       atoi.c.obj                   76      0         0      
       fd_toi_t2.asm.obj            72      0         0      
       autoinit.c.obj               68      0         0      
       i_tofd_t2.asm.obj            46      0         0      
       memmov.c.obj                 40      0         0      
       boot_cortex_m.c.obj          36      0         0      
       copy_zero_init.c.obj         28      0         0      
       memccpy.c.obj                28      0         0      
       ll_mul_t2.asm.obj            24      0         0      
       strchr.c.obj                 22      0         0      
       strcpy.c.obj                 20      0         0      
       strlen.c.obj                 20      0         0      
       wcslen.c.obj                 18      0         0      
       copy_decompress_none.c.obj   14      0         0      
       errno.c.obj                  8       0         4      
       s_copysign.c.obj             12      0         0      
       _lock.c.obj                  2       0         8      
       exit.c.obj                   4       0         0      
       pre_init.c.obj               4       0         0      
       div0.asm.obj                 2       0         0      
    +--+----------------------------+-------+---------+---------+
       Total:                       8697    257       20     
                                                             
       Heap:                        0       0         32768  
       Stack:                       0       0         4096   
       Linker Generated:            0       105       0      
    +--+----------------------------+-------+---------+---------+
       Grand Total:                 42735   8056      37681  


LINKER GENERATED COPY TABLES

__TI_cinit_table @ 20010690 records: 2, size/record: 8, table size: 16
	.data: load addr=20010630, load size=00000045 bytes, run addr=2001f25c, run size=000000e0 bytes, compression=lzss
	.bss: load addr=20010688, load size=00000008 bytes, run addr=2001f000, run size=0000025a bytes, compression=zero_init


LINKER GENERATED HANDLER TABLE

__TI_handler_table @ 20010678 records: 3, size/record: 4, table size: 12
	index: 0, handler: __TI_decompress_lzss
	index: 1, handler: __TI_decompress_none
	index: 2, handler: __TI_zero_init


GLOBAL SYMBOLS: SORTED ALPHABETICALLY BY Name 

address   name                                  
-------   ----                                  
20007b99  Adafruit_Init                         
2000eb0f  C$$EXIT                               
2000e9cb  CPUcpsie                              
2000860d  ClearTerm                             
20007d0f  Color565                              
2000e3b1  DmaSpiSwIntHandler                    
20008617  Error                                 
2000eb14  FLOOR1                                
2000f314  FLOOR2                                
2000e009  GPIODirModeSet                        
2000e9df  GPIOIntClear                          
2000e73d  GPIOIntEnable                         
2000e589  GPIOIntRegister                       
2000e441  GPIOIntStatus                         
2000caf9  GPIOIntTypeSet                        
2000e80d  GPIOPinRead                           
2000e4a7  GPIOPinWrite                          
20008275  GPIO_IF_ConfigureNIntEnable           
20008301  GPIO_IF_Get                           
2000822f  GPIO_IF_GetPortNPin                   
20007ff1  GPIO_IF_LedConfigure                  
200080e3  GPIO_IF_LedOff                        
2000802f  GPIO_IF_LedOn                         
20008197  GPIO_IF_LedStatus                     
20008201  GPIO_IF_LedToggle                     
200082bd  GPIO_IF_Set                           
2000864f  GetCmd                                
200085cd  InitTerm                              
2000bb61  IntDisable                            
2000bc09  IntEnable                             
2000eae1  IntMasterEnable                       
2000d46d  IntPendClear                          
2000d575  IntPrioritySet                        
2000e4c9  IntRegister                           
2000e3d5  IntUnregister                         
2000e9f5  IntVTableBaseSet                      
200085eb  Message                               
2000eab1  NwpMaskInterrupt                      
2000df99  NwpPowerOff                           
2000e041  NwpPowerOn                            
2000c9f1  NwpPowerOnPreamble                    
2000e4e9  NwpPrePowerOffTimout0                 
2000ddf1  NwpRegisterInterruptHandler           
2000eabd  NwpUnMaskInterrupt                    
2001038c  OpcodeTranslateTable                  
20006a5d  Outstr                                
20009a9d  PRCMCC3200MCUInit                     
2000e95d  PRCMHIBRegRead                        
2000e973  PRCMHIBRegWrite                       
2000e275  PRCMPeripheralClkDisable              
2000dea9  PRCMPeripheralClkEnable               
2000c35d  PRCMPeripheralClockGet                
2000d4c5  PRCMPeripheralReset                   
2000e075  PRCMPeripheralStatusGet               
2000e19d  PRCMSysResetCauseGet                  
2000c85d  PinConfigSet                          
2000dc71  PinModeSet                            
20009d85  PinMuxConfig                          
2000e0dd  PinTypeGPIO                           
2000e757  PinTypeSPI                            
2000e771  PinTypeUART                           
2000878d  Report                                
2000eaa1  ResetISR                              
20004c99  ResetSignal                           
2001f254  RxIrqCnt                              
2000e825  SPICSDisable                          
2000e83d  SPICSEnable                           
2000bd55  SPIConfigSetExpClk                    
2000e509  SPIDataGet                            
2000e5a7  SPIDataPut                            
2000e855  SPIDisable                            
2000e78b  SPIDmaDisable                         
2000e7a5  SPIDmaEnable                          
2000e86d  SPIEnable                             
2000e7bf  SPIFIFODisable                        
2000e7d9  SPIFIFOEnable                         
2000e0a9  SPIFIFOLevelSet                       
2000d979  SPIIntClear                           
2000d769  SPIIntEnable                          
2000e7f3  SPIIntUnregister                      
2000e463  SPIReset                              
2000e485  SPIWordCountSet                       
200045e9  SimpleLinkGeneralEventHandler         
200045c9  SimpleLinkHttpServerCallback          
20004525  SimpleLinkNetAppEventHandler          
20004609  SimpleLinkSockEventHandler            
2000440f  SimpleLinkWlanEventHandler            
2000ea55  SysTickEnable                         
2000ea65  SysTickIntEnable                      
2000e65d  SysTickIntRegister                    
2000e885  SysTickPeriodSet                      
2000eac9  SysTickValueGet                       
2000da95  TimerConfigure                        
2000e5c5  TimerEnable                           
2000e529  TimerGetCurrentTimestamp              
2000e221  TimerLoadSet                          
2000e24b  TimerPrescaleSet                      
2000e679  TimerValueGet                         
200086f5  TrimSpace                             
2000e989  UARTCharGet                           
2000e695  UARTCharGetNonBlocking                
2000e5e3  UARTCharPut                           
2000e89d  UARTCharsAvail                        
2000cdf1  UARTConfigSetExpClk                   
2000e10d  UARTDisable                           
2000e3f9  UARTEnable                            
2000e8b5  UARTFIFOLevelSet                      
2000ea31  UARTIntClear                          
2000e8cd  UARTIntEnable                         
2000e601  UARTIntRegister                       
2000e61f  UARTIntStatus                         
2000eb05  UtilsDelay                            
200103c8  _SlActionLookupTable                  
2000bcb1  _SlDriverHandleError                  
2000d9c1  _SlDrvBasicCmd                        
2000b93d  _SlDrvCmdOp                           
2000cfbd  _SlDrvCmdSend                         
20008cf9  _SlDrvDataReadOp                      
20009ee1  _SlDrvDataWriteOp                     
2000bf31  _SlDrvDeviceEventHandler              
2000ea75  _SlDrvDispatchHttpServerEvents        
2000a7a9  _SlDrvDriverCBDeinit                  
20009431  _SlDrvDriverCBInit                    
2000e29d  _SlDrvGlobalObjUnLock                 
2000db1d  _SlDrvHandleHttpServerEvents          
2000dcb1  _SlDrvHandleNetAppEvents              
2000dcf1  _SlDrvHandleWlanEvents                
2000c6b9  _SlDrvIsTimeoutExpired                
2000e99f  _SlDrvMemZero                         
2000b1a1  _SlDrvMsgReadSpawnCtx                 
2000a9f9  _SlDrvNetAppEventHandler              
2000e365  _SlDrvObjLockWaitForever              
2000e549  _SlDrvObjUnLock                       
2000d801  _SlDrvProtectAsyncRespSetting         
2000e1f5  _SlDrvProtectionObjLockWaitForever    
2000e2c5  _SlDrvProtectionObjUnLock             
20008edd  _SlDrvReleasePoolObj                  
2000ea85  _SlDrvResetCmdExt                     
2000d5c9  _SlDrvRxIrqHandler                    
2000e6b1  _SlDrvStartMeasureTimeout             
2000e569  _SlDrvSyncObjSignal                   
2000e2ed  _SlDrvSyncObjWaitForever              
2000db61  _SlDrvSyncObjWaitTimeout              
20009781  _SlDrvWaitForPoolObj                  
200105ee  _SlNetAppSendTokenValueCmdCtrl        
2000ce69  _SlNonOsMainLoopTask                  
2000bab1  _SlNonOsSemGet                        
2000e8e5  _SlNonOsSemSet                        
2000d0fd  _SlNonOsSpawn                         
20030000  __STACK_END                           
00001000  __STACK_SIZE                          
00008000  __SYSMEM_SIZE                         
20010690  __TI_CINIT_Base                       
200106a0  __TI_CINIT_Limit                      
20010678  __TI_Handler_Table_Base               
20010684  __TI_Handler_Table_Limit              
2000dba5  __TI_auto_init_nobinit_nopinit        
2000d095  __TI_decompress_lzss                  
2000ea93  __TI_decompress_none                  
2000d61d  __TI_ltoa                             
ffffffff  __TI_pprof_out_hndl                   
20006b31  __TI_printfi                          
ffffffff  __TI_prof_data_size                   
ffffffff  __TI_prof_data_start                  
20010630  __TI_static_base__                    
2000e6cd  __TI_zero_init_nomemset               
2000c8e5  __aeabi_cdcmpeq                       
2000c8e5  __aeabi_cdcmple                       
2000c96b  __aeabi_cdrcmple                      
2000da09  __aeabi_d2iz                          
20009283  __aeabi_dadd                          
2000a53d  __aeabi_ddiv                          
2000abfd  __aeabi_dmul                          
20009279  __aeabi_dsub                          
2000eaf5  __aeabi_errno_addr                    
2000e16d  __aeabi_i2d                           
2000942f  __aeabi_idiv0                         
2000942f  __aeabi_ldiv0                         
2000e945  __aeabi_lmul                          
2000ccfd  __aeabi_memclr                        
2000ccfd  __aeabi_memclr4                       
2000ccfd  __aeabi_memclr8                       
2000be95  __aeabi_memcpy                        
2000be95  __aeabi_memcpy4                       
2000be95  __aeabi_memcpy8                       
2000ccff  __aeabi_memset                        
2000ccff  __aeabi_memset4                       
2000ccff  __aeabi_memset8                       
2000c2c5  __aeabi_uldivmod                      
ffffffff  __binit__                             
ffffffff  __c_args__                            
UNDEFED   __mpu_init                            
2002f000  __stack                               
20017000  __start___llvm_prf_cnts               
20017000  __stop___llvm_prf_cnts                
2000e41d  _c_int00_noargs                       
2001000f  _ctypes_                              
2001f324  _lock                                 
20007fb3  _nop                                  
2000d161  _sl_HandleAsync_Accept                
2000cb7d  _sl_HandleAsync_Connect               
2000c3f1  _sl_HandleAsync_DnsGetHostByName      
2000b6e1  _sl_HandleAsync_DnsGetHostByService   
2000c745  _sl_HandleAsync_InitComplete          
2000c481  _sl_HandleAsync_PingResponse          
2000d671  _sl_HandleAsync_Select                
2000d719  _sl_HandleAsync_Stop                  
2000d029  _sl_NetAppSendTokenValue              
20017000  _sys_memory                           
UNDEFED   _system_post_cinit                    
2000eb0b  _system_pre_init                      
2001f328  _unlock                               
2000eb0f  abort                                 
2001f2ac  alarm_on                              
2000aafd  aligned_alloc                         
2000d899  atoi                                  
ffffffff  binit                                 
2000ead5  copysign                              
2000ead5  copysignl                             
2001f22c  curr_time                             
2001f2b0  currentPage                           
2001f2c4  cursor_x                              
2001f2c8  cursor_y                              
2001f230  del_time                              
20006873  drawBitmap                            
20006911  drawChar                              
20006015  drawCircle                            
20006149  drawCircleHelper                      
20007ebd  drawFastHLine                         
20007e21  drawFastVLine                         
2000638f  drawLine                              
20007f59  drawPixel                             
2000647b  drawRect                              
200064c9  drawRoundRect                         
20006631  drawTriangle                          
2001f234  enabled_flag                          
2001f334  errno                                 
20006267  fillCircle                            
200062a1  fillCircleHelper                      
20007d67  fillRect                              
200065b7  fillRoundRect                         
20007d51  fillScreen                            
20006673  fillTriangle                          
2000b289  free                                  
2000d411  frexp                                 
2000d411  frexpl                                
2001f2a4  g_Host                                
2001f2f0  g_SlDeviceStatus                      
2001f318  g_SpiFd                               
2001f25c  g__SlNonOsCB                          
2001f255  g_bDeviceRestartIsRequired            
2001f256  g_cDummy                              
2001f2f4  g_pCB                                 
2001f31c  g_pHostIntHdl                         
20004000  g_pfnVectors                          
2001f1b8  g_time                                
2001f220  g_ucConnectionBSSID                   
2001f1e4  g_ucConnectionSSID                    
2001f320  g_ucDMAEnabled                        
2001f168  g_ucDinDout                           
2001f257  g_ucLED1Pin                           
2001f258  g_ucLED2Pin                           
2001f259  g_ucLED3Pin                           
2001f300  g_uiLED1Port                          
2001f304  g_uiLED2Port                          
2001f308  g_uiLED3Port                          
2001f2a0  g_ulGatewayIP                         
2001f29c  g_ulPingPacketsRecv                   
2001f298  g_ulStatus                            
20007ccb  goTo                                  
20006b11  height                                
20007f97  invert                                
2000b611  ldexp                                 
2000b611  ldexpl                                
200055b5  main                                  
2000eafd  malloc                                
2000aafd  memalign                              
2000e705  memccpy                               
2000be95  memcpy                                
2000e33d  memmove                               
2000cd05  memset                                
2001f238  offset                                
2001f2f8  pPingCallBackFunc                     
2001f2b8  page0_changed                         
2001f2bc  page1_changed                         
2001f2c0  page2_changed                         
2001f23c  prev_time                             
20004f95  printErrConvenience                   
2001f240  rcvd_flag                             
2001f244  rcvd_idx                              
2000b36d  realloc                               
2001f208  received                              
2001f30c  received_packets                      
2000b611  scalbn                                
2000b611  scalbnl                               
20006aa9  setCursor                             
20006ae1  setTextColor                          
20006ac1  setTextSize                           
20006af9  setTextWrap                           
2001f248  signal_bits                           
2001f24c  signal_flag                           
2000dee5  simplelink_timerA2_start              
2000d2f1  sl_Close                              
20009911  sl_Connect                            
2000b7ad  sl_DevGet                             
2000bfcd  sl_DevSet                             
2000dc2d  sl_Htonl                              
2000df21  sl_Htons                              
2000a2bd  sl_NetAppDnsGetHostByName             
2000b451  sl_NetAppMDNSRegisterUnregisterService
2000d1c5  sl_NetAppMDNSUnRegisterService        
2000c065  sl_NetCfgSet                          
2000e38b  sl_Provisioning_HttpServerEventHdl    
2000e399  sl_Provisioning_NetAppEventHdl        
2000e3a5  sl_Provisioning_WlanEventHdl          
2000bdf5  sl_Recv                               
2000a675  sl_Send                               
2000c0fd  sl_SetSockOpt                         
2000c7d1  sl_Socket                             
2000acf9  sl_Start                              
2000ade9  sl_Stop                               
2000834d  sl_WlanConnect                        
2000dfd1  sl_WlanDisconnect                     
2000c511  sl_WlanPolicySet                      
2000d351  sl_WlanProfileDel                     
2000ca75  sl_WlanRxFilterSet                    
2000c195  sl_WlanSet                            
2000d3b1  sl_WlanSetMode                        
2000cd79  spi_Close                             
2000a031  spi_Open                              
2000aed9  spi_Read                              
2000c22d  spi_Write                             
2000dd71  sprintf                               
2000e9b5  strchr                                
2000ea09  strcpy                                
2000ea1d  strlen                                
2001f2b4  system_on                             
2001f2a8  systick_cnt                           
2001f2d4  textbgcolor                           
2001f2d0  textcolor                             
2001f2cc  textsize                              
2000d8e5  uDMAChannelAssign                     
2000d229  uDMAChannelAttributeDisable           
2000d28d  uDMAChannelAttributeEnable            
2000df5d  uDMAChannelControlSet                 
2000e721  uDMAChannelEnable                     
2000afc9  uDMAChannelTransferSet                
2001f250  valid_flag                            
2000ddb1  vsnprintf                             
2000ea43  wcslen                                
20006b0d  width                                 
2001f2d8  wrap                                  
20007b11  writeCommand                          
20007b55  writeData                             


GLOBAL SYMBOLS: SORTED BY Symbol Address 

address   name                                  
-------   ----                                  
00001000  __STACK_SIZE                          
00008000  __SYSMEM_SIZE                         
20004000  g_pfnVectors                          
2000440f  SimpleLinkWlanEventHandler            
20004525  SimpleLinkNetAppEventHandler          
200045c9  SimpleLinkHttpServerCallback          
200045e9  SimpleLinkGeneralEventHandler         
20004609  SimpleLinkSockEventHandler            
20004c99  ResetSignal                           
20004f95  printErrConvenience                   
200055b5  main                                  
20006015  drawCircle                            
20006149  drawCircleHelper                      
20006267  fillCircle                            
200062a1  fillCircleHelper                      
2000638f  drawLine                              
2000647b  drawRect                              
200064c9  drawRoundRect                         
200065b7  fillRoundRect                         
20006631  drawTriangle                          
20006673  fillTriangle                          
20006873  drawBitmap                            
20006911  drawChar                              
20006a5d  Outstr                                
20006aa9  setCursor                             
20006ac1  setTextSize                           
20006ae1  setTextColor                          
20006af9  setTextWrap                           
20006b0d  width                                 
20006b11  height                                
20006b31  __TI_printfi                          
20007b11  writeCommand                          
20007b55  writeData                             
20007b99  Adafruit_Init                         
20007ccb  goTo                                  
20007d0f  Color565                              
20007d51  fillScreen                            
20007d67  fillRect                              
20007e21  drawFastVLine                         
20007ebd  drawFastHLine                         
20007f59  drawPixel                             
20007f97  invert                                
20007fb3  _nop                                  
20007ff1  GPIO_IF_LedConfigure                  
2000802f  GPIO_IF_LedOn                         
200080e3  GPIO_IF_LedOff                        
20008197  GPIO_IF_LedStatus                     
20008201  GPIO_IF_LedToggle                     
2000822f  GPIO_IF_GetPortNPin                   
20008275  GPIO_IF_ConfigureNIntEnable           
200082bd  GPIO_IF_Set                           
20008301  GPIO_IF_Get                           
2000834d  sl_WlanConnect                        
200085cd  InitTerm                              
200085eb  Message                               
2000860d  ClearTerm                             
20008617  Error                                 
2000864f  GetCmd                                
200086f5  TrimSpace                             
2000878d  Report                                
20008cf9  _SlDrvDataReadOp                      
20008edd  _SlDrvReleasePoolObj                  
20009279  __aeabi_dsub                          
20009283  __aeabi_dadd                          
2000942f  __aeabi_idiv0                         
2000942f  __aeabi_ldiv0                         
20009431  _SlDrvDriverCBInit                    
20009781  _SlDrvWaitForPoolObj                  
20009911  sl_Connect                            
20009a9d  PRCMCC3200MCUInit                     
20009d85  PinMuxConfig                          
20009ee1  _SlDrvDataWriteOp                     
2000a031  spi_Open                              
2000a2bd  sl_NetAppDnsGetHostByName             
2000a53d  __aeabi_ddiv                          
2000a675  sl_Send                               
2000a7a9  _SlDrvDriverCBDeinit                  
2000a9f9  _SlDrvNetAppEventHandler              
2000aafd  aligned_alloc                         
2000aafd  memalign                              
2000abfd  __aeabi_dmul                          
2000acf9  sl_Start                              
2000ade9  sl_Stop                               
2000aed9  spi_Read                              
2000afc9  uDMAChannelTransferSet                
2000b1a1  _SlDrvMsgReadSpawnCtx                 
2000b289  free                                  
2000b36d  realloc                               
2000b451  sl_NetAppMDNSRegisterUnregisterService
2000b611  ldexp                                 
2000b611  ldexpl                                
2000b611  scalbn                                
2000b611  scalbnl                               
2000b6e1  _sl_HandleAsync_DnsGetHostByService   
2000b7ad  sl_DevGet                             
2000b93d  _SlDrvCmdOp                           
2000bab1  _SlNonOsSemGet                        
2000bb61  IntDisable                            
2000bc09  IntEnable                             
2000bcb1  _SlDriverHandleError                  
2000bd55  SPIConfigSetExpClk                    
2000bdf5  sl_Recv                               
2000be95  __aeabi_memcpy                        
2000be95  __aeabi_memcpy4                       
2000be95  __aeabi_memcpy8                       
2000be95  memcpy                                
2000bf31  _SlDrvDeviceEventHandler              
2000bfcd  sl_DevSet                             
2000c065  sl_NetCfgSet                          
2000c0fd  sl_SetSockOpt                         
2000c195  sl_WlanSet                            
2000c22d  spi_Write                             
2000c2c5  __aeabi_uldivmod                      
2000c35d  PRCMPeripheralClockGet                
2000c3f1  _sl_HandleAsync_DnsGetHostByName      
2000c481  _sl_HandleAsync_PingResponse          
2000c511  sl_WlanPolicySet                      
2000c6b9  _SlDrvIsTimeoutExpired                
2000c745  _sl_HandleAsync_InitComplete          
2000c7d1  sl_Socket                             
2000c85d  PinConfigSet                          
2000c8e5  __aeabi_cdcmpeq                       
2000c8e5  __aeabi_cdcmple                       
2000c96b  __aeabi_cdrcmple                      
2000c9f1  NwpPowerOnPreamble                    
2000ca75  sl_WlanRxFilterSet                    
2000caf9  GPIOIntTypeSet                        
2000cb7d  _sl_HandleAsync_Connect               
2000ccfd  __aeabi_memclr                        
2000ccfd  __aeabi_memclr4                       
2000ccfd  __aeabi_memclr8                       
2000ccff  __aeabi_memset                        
2000ccff  __aeabi_memset4                       
2000ccff  __aeabi_memset8                       
2000cd05  memset                                
2000cd79  spi_Close                             
2000cdf1  UARTConfigSetExpClk                   
2000ce69  _SlNonOsMainLoopTask                  
2000cfbd  _SlDrvCmdSend                         
2000d029  _sl_NetAppSendTokenValue              
2000d095  __TI_decompress_lzss                  
2000d0fd  _SlNonOsSpawn                         
2000d161  _sl_HandleAsync_Accept                
2000d1c5  sl_NetAppMDNSUnRegisterService        
2000d229  uDMAChannelAttributeDisable           
2000d28d  uDMAChannelAttributeEnable            
2000d2f1  sl_Close                              
2000d351  sl_WlanProfileDel                     
2000d3b1  sl_WlanSetMode                        
2000d411  frexp                                 
2000d411  frexpl                                
2000d46d  IntPendClear                          
2000d4c5  PRCMPeripheralReset                   
2000d575  IntPrioritySet                        
2000d5c9  _SlDrvRxIrqHandler                    
2000d61d  __TI_ltoa                             
2000d671  _sl_HandleAsync_Select                
2000d719  _sl_HandleAsync_Stop                  
2000d769  SPIIntEnable                          
2000d801  _SlDrvProtectAsyncRespSetting         
2000d899  atoi                                  
2000d8e5  uDMAChannelAssign                     
2000d979  SPIIntClear                           
2000d9c1  _SlDrvBasicCmd                        
2000da09  __aeabi_d2iz                          
2000da95  TimerConfigure                        
2000db1d  _SlDrvHandleHttpServerEvents          
2000db61  _SlDrvSyncObjWaitTimeout              
2000dba5  __TI_auto_init_nobinit_nopinit        
2000dc2d  sl_Htonl                              
2000dc71  PinModeSet                            
2000dcb1  _SlDrvHandleNetAppEvents              
2000dcf1  _SlDrvHandleWlanEvents                
2000dd71  sprintf                               
2000ddb1  vsnprintf                             
2000ddf1  NwpRegisterInterruptHandler           
2000dea9  PRCMPeripheralClkEnable               
2000dee5  simplelink_timerA2_start              
2000df21  sl_Htons                              
2000df5d  uDMAChannelControlSet                 
2000df99  NwpPowerOff                           
2000dfd1  sl_WlanDisconnect                     
2000e009  GPIODirModeSet                        
2000e041  NwpPowerOn                            
2000e075  PRCMPeripheralStatusGet               
2000e0a9  SPIFIFOLevelSet                       
2000e0dd  PinTypeGPIO                           
2000e10d  UARTDisable                           
2000e16d  __aeabi_i2d                           
2000e19d  PRCMSysResetCauseGet                  
2000e1f5  _SlDrvProtectionObjLockWaitForever    
2000e221  TimerLoadSet                          
2000e24b  TimerPrescaleSet                      
2000e275  PRCMPeripheralClkDisable              
2000e29d  _SlDrvGlobalObjUnLock                 
2000e2c5  _SlDrvProtectionObjUnLock             
2000e2ed  _SlDrvSyncObjWaitForever              
2000e33d  memmove                               
2000e365  _SlDrvObjLockWaitForever              
2000e38b  sl_Provisioning_HttpServerEventHdl    
2000e399  sl_Provisioning_NetAppEventHdl        
2000e3a5  sl_Provisioning_WlanEventHdl          
2000e3b1  DmaSpiSwIntHandler                    
2000e3d5  IntUnregister                         
2000e3f9  UARTEnable                            
2000e41d  _c_int00_noargs                       
2000e441  GPIOIntStatus                         
2000e463  SPIReset                              
2000e485  SPIWordCountSet                       
2000e4a7  GPIOPinWrite                          
2000e4c9  IntRegister                           
2000e4e9  NwpPrePowerOffTimout0                 
2000e509  SPIDataGet                            
2000e529  TimerGetCurrentTimestamp              
2000e549  _SlDrvObjUnLock                       
2000e569  _SlDrvSyncObjSignal                   
2000e589  GPIOIntRegister                       
2000e5a7  SPIDataPut                            
2000e5c5  TimerEnable                           
2000e5e3  UARTCharPut                           
2000e601  UARTIntRegister                       
2000e61f  UARTIntStatus                         
2000e65d  SysTickIntRegister                    
2000e679  TimerValueGet                         
2000e695  UARTCharGetNonBlocking                
2000e6b1  _SlDrvStartMeasureTimeout             
2000e6cd  __TI_zero_init_nomemset               
2000e705  memccpy                               
2000e721  uDMAChannelEnable                     
2000e73d  GPIOIntEnable                         
2000e757  PinTypeSPI                            
2000e771  PinTypeUART                           
2000e78b  SPIDmaDisable                         
2000e7a5  SPIDmaEnable                          
2000e7bf  SPIFIFODisable                        
2000e7d9  SPIFIFOEnable                         
2000e7f3  SPIIntUnregister                      
2000e80d  GPIOPinRead                           
2000e825  SPICSDisable                          
2000e83d  SPICSEnable                           
2000e855  SPIDisable                            
2000e86d  SPIEnable                             
2000e885  SysTickPeriodSet                      
2000e89d  UARTCharsAvail                        
2000e8b5  UARTFIFOLevelSet                      
2000e8cd  UARTIntEnable                         
2000e8e5  _SlNonOsSemSet                        
2000e945  __aeabi_lmul                          
2000e95d  PRCMHIBRegRead                        
2000e973  PRCMHIBRegWrite                       
2000e989  UARTCharGet                           
2000e99f  _SlDrvMemZero                         
2000e9b5  strchr                                
2000e9cb  CPUcpsie                              
2000e9df  GPIOIntClear                          
2000e9f5  IntVTableBaseSet                      
2000ea09  strcpy                                
2000ea1d  strlen                                
2000ea31  UARTIntClear                          
2000ea43  wcslen                                
2000ea55  SysTickEnable                         
2000ea65  SysTickIntEnable                      
2000ea75  _SlDrvDispatchHttpServerEvents        
2000ea85  _SlDrvResetCmdExt                     
2000ea93  __TI_decompress_none                  
2000eaa1  ResetISR                              
2000eab1  NwpMaskInterrupt                      
2000eabd  NwpUnMaskInterrupt                    
2000eac9  SysTickValueGet                       
2000ead5  copysign                              
2000ead5  copysignl                             
2000eae1  IntMasterEnable                       
2000eaf5  __aeabi_errno_addr                    
2000eafd  malloc                                
2000eb05  UtilsDelay                            
2000eb0b  _system_pre_init                      
2000eb0f  C$$EXIT                               
2000eb0f  abort                                 
2000eb14  FLOOR1                                
2000f314  FLOOR2                                
2001000f  _ctypes_                              
2001038c  OpcodeTranslateTable                  
200103c8  _SlActionLookupTable                  
200105ee  _SlNetAppSendTokenValueCmdCtrl        
20010630  __TI_static_base__                    
20010678  __TI_Handler_Table_Base               
20010684  __TI_Handler_Table_Limit              
20010690  __TI_CINIT_Base                       
200106a0  __TI_CINIT_Limit                      
20017000  __start___llvm_prf_cnts               
20017000  __stop___llvm_prf_cnts                
20017000  _sys_memory                           
2001f168  g_ucDinDout                           
2001f1b8  g_time                                
2001f1e4  g_ucConnectionSSID                    
2001f208  received                              
2001f220  g_ucConnectionBSSID                   
2001f22c  curr_time                             
2001f230  del_time                              
2001f234  enabled_flag                          
2001f238  offset                                
2001f23c  prev_time                             
2001f240  rcvd_flag                             
2001f244  rcvd_idx                              
2001f248  signal_bits                           
2001f24c  signal_flag                           
2001f250  valid_flag                            
2001f254  RxIrqCnt                              
2001f255  g_bDeviceRestartIsRequired            
2001f256  g_cDummy                              
2001f257  g_ucLED1Pin                           
2001f258  g_ucLED2Pin                           
2001f259  g_ucLED3Pin                           
2001f25c  g__SlNonOsCB                          
2001f298  g_ulStatus                            
2001f29c  g_ulPingPacketsRecv                   
2001f2a0  g_ulGatewayIP                         
2001f2a4  g_Host                                
2001f2a8  systick_cnt                           
2001f2ac  alarm_on                              
2001f2b0  currentPage                           
2001f2b4  system_on                             
2001f2b8  page0_changed                         
2001f2bc  page1_changed                         
2001f2c0  page2_changed                         
2001f2c4  cursor_x                              
2001f2c8  cursor_y                              
2001f2cc  textsize                              
2001f2d0  textcolor                             
2001f2d4  textbgcolor                           
2001f2d8  wrap                                  
2001f2f0  g_SlDeviceStatus                      
2001f2f4  g_pCB                                 
2001f2f8  pPingCallBackFunc                     
2001f300  g_uiLED1Port                          
2001f304  g_uiLED2Port                          
2001f308  g_uiLED3Port                          
2001f30c  received_packets                      
2001f318  g_SpiFd                               
2001f31c  g_pHostIntHdl                         
2001f320  g_ucDMAEnabled                        
2001f324  _lock                                 
2001f328  _unlock                               
2001f334  errno                                 
2002f000  __stack                               
20030000  __STACK_END                           
ffffffff  __TI_pprof_out_hndl                   
ffffffff  __TI_prof_data_size                   
ffffffff  __TI_prof_data_start                  
ffffffff  __binit__                             
ffffffff  __c_args__                            
ffffffff  binit                                 
UNDEFED   __mpu_init                            
UNDEFED   _system_post_cinit                    

[354 symbols]
